// Jest Snapshot v1, https://goo.gl/fbAQLP

exports[`AudioPlayer is rendered correctly 1`] = `
Array [
  <button
    className="track__button track__button--pause"
    disabled={true}
    onClick={[Function]}
    style={
      Object {
        "opacity": 0.5,
      }
    }
    type="button"
  />,
  <div
    className="track__status"
  >
    <audio
      autoPlay={true}
    />
  </div>,
]
`;
